2026-08-21 21:06:30,598 - MiroBot - ERROR - error:96 - Event handler boom failed on message.created: main.<locals>.boom() takes 0 positional arguments but 1 was given
2026-08-21 21:07:03,927 - MiroBot - ERROR - error:96 - Job 1 (slow) failed permanently after 2 attempts: 
2026-08-21 21:07:31,796 - MiroBot - ERROR - error:96 - Job 1 (slow) failed permanently after 2 attempts: 
2026-08-22 10:02:58,979 - MiroBot - ERROR - error:96 - Panel action 'act4' failed: backend exploded
2026-08-22 10:38:01,967 - MiroBot - ERROR - error:96 - Failed to build moderation panel: cannot unpack non-iterable function object
2026-08-22 10:38:01,967 - MiroBot - ERROR - error:96 - Failed to build tickets panel: cannot unpack non-iterable function object
2026-08-22 12:24:47,572 - MiroBot - ERROR - error:96 - Agent tool find_duplicate_channels raised: No module named 'discord'
2026-08-22 13:07:55,156 - MiroBot - ERROR - error:96 - Agent tool find_duplicate_channels raised: 'Ch' object has no attribute 'category_id'
2026-08-22 13:27:13,926 - MiroBot - ERROR - error:96 - Agent tool delete_channel raised: local variable 'interaction' referenced before assignment
2026-08-22 13:27:13,926 - MiroBot - ERROR - error:96 - Agent tool delete_channel raised: local variable 'interaction' referenced before assignment
2026-08-22 13:49:38,783 - MiroBot - ERROR - error:96 - Agent tool find_duplicate_channels raised: name 'guild' is not defined
2026-08-22 13:49:38,785 - MiroBot - ERROR - error:96 - Agent tool bulk_delete_channels raised: name 'guild' is not defined
2026-08-22 13:50:09,177 - MiroBot - ERROR - error:96 - Agent tool find_duplicate_channels raised: name 'guild' is not defined
2026-08-22 13:50:09,179 - MiroBot - ERROR - error:96 - Agent tool bulk_delete_channels raised: name 'guild' is not defined
2026-08-22 13:52:11,707 - MiroBot - ERROR - error:96 - Agent tool find_duplicate_channels raised: name 'guild' is not defined
2026-08-23 06:23:07,052 - MiroBot - ERROR - error:96 - Failed to get conversation history: module 'aiosqlite' has no attribute 'connect'
2026-08-23 06:23:07,052 - MiroBot - ERROR - error:96 - Failed to save exchange: module 'aiosqlite' has no attribute 'connect'
2026-08-23 06:23:07,052 - MiroBot - ERROR - error:96 - Failed to save exchange: module 'aiosqlite' has no attribute 'connect'
2026-08-23 06:23:07,052 - MiroBot - ERROR - error:96 - Failed to get conversation history: module 'aiosqlite' has no attribute 'connect'
2026-08-23 06:23:07,052 - MiroBot - ERROR - error:96 - Failed to save exchange: module 'aiosqlite' has no attribute 'connect'
2026-08-23 06:23:07,052 - MiroBot - ERROR - error:96 - Failed to save exchange: module 'aiosqlite' has no attribute 'connect'
2026-08-23 06:23:07,053 - MiroBot - ERROR - error:96 - Failed to get conversation history: module 'aiosqlite' has no attribute 'connect'
2026-08-23 06:23:07,053 - MiroBot - ERROR - error:96 - Failed to save exchange: module 'aiosqlite' has no attribute 'connect'
2026-08-23 06:23:07,053 - MiroBot - ERROR - error:96 - Failed to save exchange: module 'aiosqlite' has no attribute 'connect'
2026-08-23 06:23:07,053 - MiroBot - ERROR - error:96 - Failed to get conversation history: module 'aiosqlite' has no attribute 'connect'
2026-08-23 06:23:07,053 - MiroBot - ERROR - error:96 - Failed to save exchange: module 'aiosqlite' has no attribute 'connect'
2026-08-23 06:23:07,053 - MiroBot - ERROR - error:96 - Failed to save exchange: module 'aiosqlite' has no attribute 'connect'
2026-08-23 06:23:07,053 - MiroBot - ERROR - error:96 - Failed to get conversation history: module 'aiosqlite' has no attribute 'connect'
2026-08-23 06:23:07,053 - MiroBot - ERROR - error:96 - Failed to save exchange: module 'aiosqlite' has no attribute 'connect'
2026-08-23 06:23:07,053 - MiroBot - ERROR - error:96 - Failed to save exchange: module 'aiosqlite' has no attribute 'connect'
2026-08-23 06:23:07,054 - MiroBot - ERROR - error:96 - Failed to get conversation history: module 'aiosqlite' has no attribute 'connect'
2026-08-23 06:23:07,054 - MiroBot - ERROR - error:96 - Failed to save exchange: module 'aiosqlite' has no attribute 'connect'
2026-08-23 06:23:07,054 - MiroBot - ERROR - error:96 - Failed to save exchange: module 'aiosqlite' has no attribute 'connect'
2026-08-23 06:23:07,054 - MiroBot - ERROR - error:96 - Failed to get conversation history: module 'aiosqlite' has no attribute 'connect'
2026-08-23 06:23:07,054 - MiroBot - ERROR - error:96 - Failed to save exchange: module 'aiosqlite' has no attribute 'connect'
2026-08-23 06:23:07,054 - MiroBot - ERROR - error:96 - Failed to save exchange: module 'aiosqlite' has no attribute 'connect'
2026-08-23 06:23:07,055 - MiroBot - ERROR - error:96 - Failed to get conversation history: module 'aiosqlite' has no attribute 'connect'
2026-08-23 06:23:07,055 - MiroBot - ERROR - error:96 - Failed to save exchange: module 'aiosqlite' has no attribute 'connect'
2026-08-23 06:23:07,055 - MiroBot - ERROR - error:96 - Failed to save exchange: module 'aiosqlite' has no attribute 'connect'
2026-08-23 06:23:07,055 - MiroBot - ERROR - error:96 - Failed to get conversation history: module 'aiosqlite' has no attribute 'connect'
2026-08-23 06:23:07,055 - MiroBot - ERROR - error:96 - Failed to save exchange: module 'aiosqlite' has no attribute 'connect'
2026-08-23 06:23:07,055 - MiroBot - ERROR - error:96 - Failed to save exchange: module 'aiosqlite' has no attribute 'connect'
2026-08-23 06:23:07,055 - MiroBot - ERROR - error:96 - Failed to get conversation history: module 'aiosqlite' has no attribute 'connect'
2026-08-23 06:23:07,055 - MiroBot - ERROR - error:96 - Failed to save exchange: module 'aiosqlite' has no attribute 'connect'
2026-08-23 06:23:07,055 - MiroBot - ERROR - error:96 - Failed to save exchange: module 'aiosqlite' has no attribute 'connect'
2026-08-23 06:23:07,056 - MiroBot - ERROR - error:96 - Failed to get conversation history: module 'aiosqlite' has no attribute 'connect'
2026-08-23 06:23:07,056 - MiroBot - ERROR - error:96 - Failed to save exchange: module 'aiosqlite' has no attribute 'connect'
2026-08-23 06:23:07,056 - MiroBot - ERROR - error:96 - Failed to save exchange: module 'aiosqlite' has no attribute 'connect'
2026-08-23 06:23:07,056 - MiroBot - ERROR - error:96 - Failed to get conversation history: module 'aiosqlite' has no attribute 'connect'
2026-08-23 06:23:07,056 - MiroBot - ERROR - error:96 - Failed to save exchange: module 'aiosqlite' has no attribute 'connect'
2026-08-23 06:23:07,056 - MiroBot - ERROR - error:96 - Failed to save exchange: module 'aiosqlite' has no attribute 'connect'
2026-08-23 06:23:07,056 - MiroBot - ERROR - error:96 - Failed to get conversation history: module 'aiosqlite' has no attribute 'connect'
2026-08-23 06:23:07,056 - MiroBot - ERROR - error:96 - Failed to save exchange: module 'aiosqlite' has no attribute 'connect'
2026-08-23 06:23:07,056 - MiroBot - ERROR - error:96 - Failed to save exchange: module 'aiosqlite' has no attribute 'connect'
2026-08-23 06:23:07,056 - MiroBot - ERROR - error:96 - Failed to get conversation history: module 'aiosqlite' has no attribute 'connect'
2026-08-23 06:23:07,056 - MiroBot - ERROR - error:96 - Failed to save exchange: module 'aiosqlite' has no attribute 'connect'
2026-08-23 06:23:07,057 - MiroBot - ERROR - error:96 - Failed to save exchange: module 'aiosqlite' has no attribute 'connect'
2026-08-23 06:23:07,057 - MiroBot - ERROR - error:96 - Failed to get conversation history: module 'aiosqlite' has no attribute 'connect'
2026-08-23 06:23:07,057 - MiroBot - ERROR - error:96 - Failed to save exchange: module 'aiosqlite' has no attribute 'connect'
2026-08-23 06:23:07,057 - MiroBot - ERROR - error:96 - Failed to save exchange: module 'aiosqlite' has no attribute 'connect'
2026-08-23 06:23:07,057 - MiroBot - ERROR - error:96 - Failed to get conversation history: module 'aiosqlite' has no attribute 'connect'
2026-08-23 06:23:07,057 - MiroBot - ERROR - error:96 - Failed to save exchange: module 'aiosqlite' has no attribute 'connect'
2026-08-23 06:23:07,057 - MiroBot - ERROR - error:96 - Failed to save exchange: module 'aiosqlite' has no attribute 'connect'
2026-08-23 06:23:07,057 - MiroBot - ERROR - error:96 - Failed to get conversation history: module 'aiosqlite' has no attribute 'connect'
2026-08-23 06:23:07,057 - MiroBot - ERROR - error:96 - Failed to save exchange: module 'aiosqlite' has no attribute 'connect'
2026-08-23 06:23:07,057 - MiroBot - ERROR - error:96 - Failed to save exchange: module 'aiosqlite' has no attribute 'connect'
2026-08-23 06:23:07,057 - MiroBot - ERROR - error:96 - Failed to get conversation history: module 'aiosqlite' has no attribute 'connect'
2026-08-23 06:23:07,058 - MiroBot - ERROR - error:96 - Failed to save exchange: module 'aiosqlite' has no attribute 'connect'
2026-08-23 06:23:07,058 - MiroBot - ERROR - error:96 - Failed to save exchange: module 'aiosqlite' has no attribute 'connect'
2026-08-23 06:23:07,058 - MiroBot - ERROR - error:96 - Failed to get conversation history: module 'aiosqlite' has no attribute 'connect'
2026-08-23 06:23:07,058 - MiroBot - ERROR - error:96 - Failed to save exchange: module 'aiosqlite' has no attribute 'connect'
2026-08-23 06:23:07,058 - MiroBot - ERROR - error:96 - Failed to save exchange: module 'aiosqlite' has no attribute 'connect'
2026-08-23 06:23:07,058 - MiroBot - ERROR - error:96 - Failed to get conversation history: module 'aiosqlite' has no attribute 'connect'
2026-08-23 06:23:07,058 - MiroBot - ERROR - error:96 - Failed to save exchange: module 'aiosqlite' has no attribute 'connect'
2026-08-23 06:23:07,058 - MiroBot - ERROR - error:96 - Failed to save exchange: module 'aiosqlite' has no attribute 'connect'
2026-08-23 06:23:07,058 - MiroBot - ERROR - error:96 - Failed to get conversation history: module 'aiosqlite' has no attribute 'connect'
2026-08-23 06:23:07,058 - MiroBot - ERROR - error:96 - Failed to save exchange: module 'aiosqlite' has no attribute 'connect'
2026-08-23 06:23:07,058 - MiroBot - ERROR - error:96 - Failed to save exchange: module 'aiosqlite' has no attribute 'connect'
2026-08-23 06:23:07,058 - MiroBot - ERROR - error:96 - Failed to get conversation history: module 'aiosqlite' has no attribute 'connect'
2026-08-23 06:23:07,058 - MiroBot - ERROR - error:96 - Failed to save exchange: module 'aiosqlite' has no attribute 'connect'
2026-08-23 06:23:07,058 - MiroBot - ERROR - error:96 - Failed to save exchange: module 'aiosqlite' has no attribute 'connect'
2026-08-23 06:23:07,059 - MiroBot - ERROR - error:96 - Failed to get conversation history: module 'aiosqlite' has no attribute 'connect'
2026-08-23 06:23:07,059 - MiroBot - ERROR - error:96 - Failed to save exchange: module 'aiosqlite' has no attribute 'connect'
2026-08-23 06:23:07,059 - MiroBot - ERROR - error:96 - Failed to save exchange: module 'aiosqlite' has no attribute 'connect'
2026-08-23 06:23:07,059 - MiroBot - ERROR - error:96 - Failed to get conversation history: module 'aiosqlite' has no attribute 'connect'
2026-08-23 06:23:07,059 - MiroBot - ERROR - error:96 - Failed to save exchange: module 'aiosqlite' has no attribute 'connect'
2026-08-23 06:23:07,059 - MiroBot - ERROR - error:96 - Failed to save exchange: module 'aiosqlite' has no attribute 'connect'
2026-08-23 06:23:07,059 - MiroBot - ERROR - error:96 - Failed to get conversation history: module 'aiosqlite' has no attribute 'connect'
2026-08-23 06:23:07,059 - MiroBot - ERROR - error:96 - Failed to save exchange: module 'aiosqlite' has no attribute 'connect'
2026-08-23 06:23:07,059 - MiroBot - ERROR - error:96 - Failed to save exchange: module 'aiosqlite' has no attribute 'connect'
2026-08-23 06:23:07,059 - MiroBot - ERROR - error:96 - Failed to get conversation history: module 'aiosqlite' has no attribute 'connect'
2026-08-23 06:23:07,059 - MiroBot - ERROR - error:96 - Failed to save exchange: module 'aiosqlite' has no attribute 'connect'
2026-08-23 06:23:07,059 - MiroBot - ERROR - error:96 - Failed to save exchange: module 'aiosqlite' has no attribute 'connect'
2026-08-23 06:23:07,059 - MiroBot - ERROR - error:96 - Failed to get conversation history: module 'aiosqlite' has no attribute 'connect'
2026-08-23 06:23:07,059 - MiroBot - ERROR - error:96 - Failed to save exchange: module 'aiosqlite' has no attribute 'connect'
2026-08-23 06:23:07,060 - MiroBot - ERROR - error:96 - Failed to save exchange: module 'aiosqlite' has no attribute 'connect'
2026-08-23 06:23:07,060 - MiroBot - ERROR - error:96 - Failed to get conversation history: module 'aiosqlite' has no attribute 'connect'
2026-08-23 06:23:07,060 - MiroBot - ERROR - error:96 - Failed to save exchange: module 'aiosqlite' has no attribute 'connect'
2026-08-23 06:23:07,060 - MiroBot - ERROR - error:96 - Failed to save exchange: module 'aiosqlite' has no attribute 'connect'
2026-08-23 06:23:07,060 - MiroBot - ERROR - error:96 - Failed to get conversation history: module 'aiosqlite' has no attribute 'connect'
2026-08-23 06:23:07,060 - MiroBot - ERROR - error:96 - Failed to save exchange: module 'aiosqlite' has no attribute 'connect'
2026-08-23 06:23:07,060 - MiroBot - ERROR - error:96 - Failed to save exchange: module 'aiosqlite' has no attribute 'connect'
2026-08-23 06:23:07,060 - MiroBot - ERROR - error:96 - Failed to get conversation history: module 'aiosqlite' has no attribute 'connect'
2026-08-23 06:23:07,060 - MiroBot - ERROR - error:96 - Failed to save exchange: module 'aiosqlite' has no attribute 'connect'
2026-08-23 06:23:07,060 - MiroBot - ERROR - error:96 - Failed to save exchange: module 'aiosqlite' has no attribute 'connect'
2026-08-23 06:23:07,060 - MiroBot - ERROR - error:96 - Failed to get conversation history: module 'aiosqlite' has no attribute 'connect'
2026-08-23 06:23:07,060 - MiroBot - ERROR - error:96 - Failed to save exchange: module 'aiosqlite' has no attribute 'connect'
2026-08-23 06:23:07,060 - MiroBot - ERROR - error:96 - Failed to save exchange: module 'aiosqlite' has no attribute 'connect'
2026-08-23 06:23:07,060 - MiroBot - ERROR - error:96 - Failed to get conversation history: module 'aiosqlite' has no attribute 'connect'
2026-08-23 06:23:07,061 - MiroBot - ERROR - error:96 - Failed to save exchange: module 'aiosqlite' has no attribute 'connect'
2026-08-23 06:23:07,061 - MiroBot - ERROR - error:96 - Failed to save exchange: module 'aiosqlite' has no attribute 'connect'
2026-08-23 06:23:07,061 - MiroBot - ERROR - error:96 - Failed to get conversation history: module 'aiosqlite' has no attribute 'connect'
2026-08-23 06:23:07,061 - MiroBot - ERROR - error:96 - Failed to save exchange: module 'aiosqlite' has no attribute 'connect'
2026-08-23 06:23:07,061 - MiroBot - ERROR - error:96 - Failed to save exchange: module 'aiosqlite' has no attribute 'connect'
2026-08-23 06:23:07,061 - MiroBot - ERROR - error:96 - Failed to get conversation history: module 'aiosqlite' has no attribute 'connect'
2026-08-23 06:23:07,061 - MiroBot - ERROR - error:96 - Failed to save exchange: module 'aiosqlite' has no attribute 'connect'
2026-08-23 06:23:07,061 - MiroBot - ERROR - error:96 - Failed to save exchange: module 'aiosqlite' has no attribute 'connect'
2026-08-23 06:23:07,061 - MiroBot - ERROR - error:96 - Failed to get conversation history: module 'aiosqlite' has no attribute 'connect'
2026-08-23 06:23:07,061 - MiroBot - ERROR - error:96 - Failed to save exchange: module 'aiosqlite' has no attribute 'connect'
2026-08-23 06:23:07,061 - MiroBot - ERROR - error:96 - Failed to save exchange: module 'aiosqlite' has no attribute 'connect'
2026-08-23 06:23:07,062 - MiroBot - ERROR - error:96 - Failed to get conversation history: module 'aiosqlite' has no attribute 'connect'
2026-08-23 06:23:07,062 - MiroBot - ERROR - error:96 - Failed to save exchange: module 'aiosqlite' has no attribute 'connect'
2026-08-23 06:23:07,062 - MiroBot - ERROR - error:96 - Failed to save exchange: module 'aiosqlite' has no attribute 'connect'
2026-08-23 06:23:07,062 - MiroBot - ERROR - error:96 - Failed to get conversation history: module 'aiosqlite' has no attribute 'connect'
2026-08-23 06:23:07,062 - MiroBot - ERROR - error:96 - Failed to save exchange: module 'aiosqlite' has no attribute 'connect'
2026-08-23 06:23:07,062 - MiroBot - ERROR - error:96 - Failed to save exchange: module 'aiosqlite' has no attribute 'connect'
2026-08-23 06:23:07,062 - MiroBot - ERROR - error:96 - Failed to get conversation history: module 'aiosqlite' has no attribute 'connect'
2026-08-23 06:23:07,062 - MiroBot - ERROR - error:96 - Failed to save exchange: module 'aiosqlite' has no attribute 'connect'
2026-08-23 06:23:07,062 - MiroBot - ERROR - error:96 - Failed to save exchange: module 'aiosqlite' has no attribute 'connect'
2026-08-23 06:23:07,062 - MiroBot - ERROR - error:96 - Failed to get conversation history: module 'aiosqlite' has no attribute 'connect'
2026-08-23 06:23:07,062 - MiroBot - ERROR - error:96 - Failed to save exchange: module 'aiosqlite' has no attribute 'connect'
2026-08-23 06:23:07,062 - MiroBot - ERROR - error:96 - Failed to save exchange: module 'aiosqlite' has no attribute 'connect'
2026-08-23 06:23:07,063 - MiroBot - ERROR - error:96 - Failed to get conversation history: module 'aiosqlite' has no attribute 'connect'
2026-08-23 06:23:07,063 - MiroBot - ERROR - error:96 - Failed to save exchange: module 'aiosqlite' has no attribute 'connect'
2026-08-23 06:23:07,063 - MiroBot - ERROR - error:96 - Failed to save exchange: module 'aiosqlite' has no attribute 'connect'
2026-08-23 06:23:07,063 - MiroBot - ERROR - error:96 - Failed to get conversation history: module 'aiosqlite' has no attribute 'connect'
2026-08-23 06:23:07,063 - MiroBot - ERROR - error:96 - Failed to save exchange: module 'aiosqlite' has no attribute 'connect'
2026-08-23 06:23:07,063 - MiroBot - ERROR - error:96 - Failed to save exchange: module 'aiosqlite' has no attribute 'connect'
2026-08-23 06:23:07,063 - MiroBot - ERROR - error:96 - Failed to get conversation history: module 'aiosqlite' has no attribute 'connect'
2026-08-23 06:23:07,063 - MiroBot - ERROR - error:96 - Failed to save exchange: module 'aiosqlite' has no attribute 'connect'
2026-08-23 06:23:07,063 - MiroBot - ERROR - error:96 - Failed to save exchange: module 'aiosqlite' has no attribute 'connect'
2026-08-23 06:23:07,063 - MiroBot - ERROR - error:96 - Failed to get conversation history: module 'aiosqlite' has no attribute 'connect'
2026-08-23 06:23:07,063 - MiroBot - ERROR - error:96 - Failed to save exchange: module 'aiosqlite' has no attribute 'connect'
2026-08-23 06:23:07,064 - MiroBot - ERROR - error:96 - Failed to save exchange: module 'aiosqlite' has no attribute 'connect'
2026-08-23 06:23:07,064 - MiroBot - ERROR - error:96 - Failed to get conversation history: module 'aiosqlite' has no attribute 'connect'
2026-08-23 06:23:07,064 - MiroBot - ERROR - error:96 - Failed to save exchange: module 'aiosqlite' has no attribute 'connect'
2026-08-23 06:23:07,064 - MiroBot - ERROR - error:96 - Failed to save exchange: module 'aiosqlite' has no attribute 'connect'
2026-08-23 06:23:07,064 - MiroBot - ERROR - error:96 - Failed to get conversation history: module 'aiosqlite' has no attribute 'connect'
2026-08-23 06:23:07,064 - MiroBot - ERROR - error:96 - Failed to save exchange: module 'aiosqlite' has no attribute 'connect'
2026-08-23 06:23:07,064 - MiroBot - ERROR - error:96 - Failed to save exchange: module 'aiosqlite' has no attribute 'connect'
2026-08-23 06:23:07,064 - MiroBot - ERROR - error:96 - Failed to get conversation history: module 'aiosqlite' has no attribute 'connect'
2026-08-23 06:23:07,064 - MiroBot - ERROR - error:96 - Failed to save exchange: module 'aiosqlite' has no attribute 'connect'
2026-08-23 06:23:07,064 - MiroBot - ERROR - error:96 - Failed to save exchange: module 'aiosqlite' has no attribute 'connect'
2026-08-23 06:23:07,064 - MiroBot - ERROR - error:96 - Failed to get conversation history: module 'aiosqlite' has no attribute 'connect'
2026-08-23 06:23:07,065 - MiroBot - ERROR - error:96 - Failed to save exchange: module 'aiosqlite' has no attribute 'connect'
2026-08-23 06:23:07,065 - MiroBot - ERROR - error:96 - Failed to save exchange: module 'aiosqlite' has no attribute 'connect'
2026-08-23 06:23:07,065 - MiroBot - ERROR - error:96 - Failed to get conversation history: module 'aiosqlite' has no attribute 'connect'
2026-08-23 06:23:07,065 - MiroBot - ERROR - error:96 - Failed to save exchange: module 'aiosqlite' has no attribute 'connect'
2026-08-23 06:23:07,065 - MiroBot - ERROR - error:96 - Failed to save exchange: module 'aiosqlite' has no attribute 'connect'
2026-08-23 06:23:07,065 - MiroBot - ERROR - error:96 - Failed to get conversation history: module 'aiosqlite' has no attribute 'connect'
2026-08-23 06:23:07,065 - MiroBot - ERROR - error:96 - Failed to save exchange: module 'aiosqlite' has no attribute 'connect'
2026-08-23 06:23:07,065 - MiroBot - ERROR - error:96 - Failed to save exchange: module 'aiosqlite' has no attribute 'connect'
2026-08-23 06:23:07,065 - MiroBot - ERROR - error:96 - Failed to get conversation history: module 'aiosqlite' has no attribute 'connect'
2026-08-23 06:23:07,065 - MiroBot - ERROR - error:96 - Failed to save exchange: module 'aiosqlite' has no attribute 'connect'
2026-08-23 06:23:07,065 - MiroBot - ERROR - error:96 - Failed to save exchange: module 'aiosqlite' has no attribute 'connect'
2026-08-23 06:23:07,067 - MiroBot - ERROR - error:96 - Failed to get conversation history: module 'aiosqlite' has no attribute 'connect'
2026-08-23 06:23:07,067 - MiroBot - ERROR - error:96 - Failed to save exchange: module 'aiosqlite' has no attribute 'connect'
2026-08-23 06:23:07,068 - MiroBot - ERROR - error:96 - Failed to save exchange: module 'aiosqlite' has no attribute 'connect'
2026-08-23 06:23:07,068 - MiroBot - ERROR - error:96 - Failed to get conversation history: module 'aiosqlite' has no attribute 'connect'
2026-08-23 06:23:07,068 - MiroBot - ERROR - error:96 - Failed to save exchange: module 'aiosqlite' has no attribute 'connect'
2026-08-23 06:23:07,068 - MiroBot - ERROR - error:96 - Failed to save exchange: module 'aiosqlite' has no attribute 'connect'
2026-08-23 06:23:07,068 - MiroBot - ERROR - error:96 - Failed to get conversation history: module 'aiosqlite' has no attribute 'connect'
2026-08-23 06:23:07,068 - MiroBot - ERROR - error:96 - Failed to save exchange: module 'aiosqlite' has no attribute 'connect'
2026-08-23 06:23:07,068 - MiroBot - ERROR - error:96 - Failed to save exchange: module 'aiosqlite' has no attribute 'connect'
2026-08-23 06:23:07,068 - MiroBot - ERROR - error:96 - Failed to get conversation history: module 'aiosqlite' has no attribute 'connect'
2026-08-23 06:23:07,068 - MiroBot - ERROR - error:96 - Failed to save exchange: module 'aiosqlite' has no attribute 'connect'
2026-08-23 06:23:07,068 - MiroBot - ERROR - error:96 - Failed to save exchange: module 'aiosqlite' has no attribute 'connect'
2026-08-23 06:23:07,068 - MiroBot - ERROR - error:96 - Failed to get conversation history: module 'aiosqlite' has no attribute 'connect'
2026-08-23 06:23:07,068 - MiroBot - ERROR - error:96 - Failed to save exchange: module 'aiosqlite' has no attribute 'connect'
2026-08-23 06:23:07,069 - MiroBot - ERROR - error:96 - Failed to save exchange: module 'aiosqlite' has no attribute 'connect'
2026-08-23 06:23:07,069 - MiroBot - ERROR - error:96 - Failed to get conversation history: module 'aiosqlite' has no attribute 'connect'
2026-08-23 06:23:07,069 - MiroBot - ERROR - error:96 - Failed to save exchange: module 'aiosqlite' has no attribute 'connect'
2026-08-23 06:23:07,069 - MiroBot - ERROR - error:96 - Failed to save exchange: module 'aiosqlite' has no attribute 'connect'
2026-08-23 06:23:07,069 - MiroBot - ERROR - error:96 - Failed to get conversation history: module 'aiosqlite' has no attribute 'connect'
2026-08-23 06:23:07,069 - MiroBot - ERROR - error:96 - Failed to save exchange: module 'aiosqlite' has no attribute 'connect'
2026-08-23 06:23:07,069 - MiroBot - ERROR - error:96 - Failed to save exchange: module 'aiosqlite' has no attribute 'connect'
2026-08-23 06:23:07,069 - MiroBot - ERROR - error:96 - Failed to get conversation history: module 'aiosqlite' has no attribute 'connect'
2026-08-23 06:23:07,069 - MiroBot - ERROR - error:96 - Failed to save exchange: module 'aiosqlite' has no attribute 'connect'
2026-08-23 06:23:07,069 - MiroBot - ERROR - error:96 - Failed to save exchange: module 'aiosqlite' has no attribute 'connect'
2026-08-23 06:23:07,069 - MiroBot - ERROR - error:96 - Failed to get conversation history: module 'aiosqlite' has no attribute 'connect'
2026-08-23 06:23:07,069 - MiroBot - ERROR - error:96 - Failed to save exchange: module 'aiosqlite' has no attribute 'connect'
2026-08-23 06:23:07,069 - MiroBot - ERROR - error:96 - Failed to save exchange: module 'aiosqlite' has no attribute 'connect'
2026-08-23 06:23:07,070 - MiroBot - ERROR - error:96 - Failed to get conversation history: module 'aiosqlite' has no attribute 'connect'
2026-08-23 06:23:07,070 - MiroBot - ERROR - error:96 - Failed to save exchange: module 'aiosqlite' has no attribute 'connect'
2026-08-23 06:23:07,070 - MiroBot - ERROR - error:96 - Failed to save exchange: module 'aiosqlite' has no attribute 'connect'
2026-08-23 06:23:07,070 - MiroBot - ERROR - error:96 - Failed to get conversation history: module 'aiosqlite' has no attribute 'connect'
2026-08-23 06:23:07,070 - MiroBot - ERROR - error:96 - Failed to load conversation summaries: module 'aiosqlite' has no attribute 'connect'
